<?xml version="1.0" encoding="UTF-8"?>

<root>
  <row>
    <FIELD1>aaaa</FIELD1>
    <FIELD2>bbb</FIELD2>
    <FIELD3>ccc</FIELD3>
  </row>
  <row>
    <FIELD1>dddd</FIELD1>
    <FIELD2>ffff</FIELD2>
    <FIELD3>gggg</FIELD3>
  </row>
  <row>
    <FIELD1>hhhhh</FIELD1>
    <FIELD2>iiiiii</FIELD2>
    <FIELD3>jjjjj</FIELD3>
  </row>
</root>